// Jest Snapshot v1, https://goo.gl/fbAQLP

exports[`GenreSelect component should render all genres 1`] = `[Function]`;
