// Jest Snapshot v1, https://goo.gl/fbAQLP

exports[`MovieDetails component render movie details 1`] = `[Function]`;
