// Jest Snapshot v1, https://goo.gl/fbAQLP

exports[`MovieTile component render movie tile 1`] = `[Function]`;
