// Jest Snapshot v1, https://goo.gl/fbAQLP

exports[`SortControl component render sort control 1`] = `[Function]`;
